// Jest Snapshot v1, https://jestjs.io/docs/snapshot-testing

exports[`Home page snapshot renders home page 1`] = `
<div>
  <div
    class="flex flex-1 flex-col items-center justify-center bg-zinc-50 font-sans dark:bg-black"
  >
    <main
      class="flex w-full max-w-3xl flex-1 flex-col items-center justify-between bg-white px-16 py-32 sm:items-start dark:bg-black"
    >
      <img
        alt="Next.js logo"
        class="dark:invert"
        data-nimg="1"
        decoding="async"
        height="20"
        src="/next.svg"
        style="color: transparent;"
        width="100"
      />
      <div
        class="flex flex-col items-center gap-6 text-center sm:items-start sm:text-left"
      >
        <h1
          class="max-w-xs text-3xl leading-10 font-semibold tracking-tight text-black dark:text-zinc-50"
        >
          To get started, edit the page.tsx file.
        </h1>
        <p
          class="max-w-md text-lg leading-8 text-zinc-600 dark:text-zinc-400"
        >
          Looking for a starting point or more instructions? Head over to
           
          <a
            class="font-medium text-zinc-950 dark:text-zinc-50"
            href="https://vercel.com/templates?framework=next.js&utm_source=create-next-app&utm_medium=appdir-template-tw&utm_campaign=create-next-app"
          >
            Templates
          </a>
           
          or the
           
          <a
            class="font-medium text-zinc-950 dark:text-zinc-50"
            href="https://nextjs.org/learn?utm_source=create-next-app&utm_medium=appdir-template-tw&utm_campaign=create-next-app"
          >
            Learning
          </a>
           
          center.
        </p>
      </div>
      <div
        class="flex flex-col gap-4 text-base font-medium sm:flex-row"
      >
        <a
          class="bg-foreground text-background flex h-12 w-full items-center justify-center gap-2 rounded-full px-5 transition-colors hover:bg-[#383838] md:w-[158px] dark:hover:bg-[#ccc]"
          href="https://vercel.com/new?utm_source=create-next-app&utm_medium=appdir-template-tw&utm_campaign=create-next-app"
          rel="noopener noreferrer"
          target="_blank"
        >
          <img
            alt="Vercel logomark"
            class="dark:invert"
            data-nimg="1"
            decoding="async"
            height="16"
            loading="lazy"
            src="/vercel.svg"
            style="color: transparent;"
            width="16"
          />
          Deploy Now
        </a>
        <a
          class="flex h-12 w-full items-center justify-center rounded-full border border-solid border-black/[.08] px-5 transition-colors hover:border-transparent hover:bg-black/[.04] md:w-[158px] dark:border-white/[.145] dark:hover:bg-[#1a1a1a]"
          href="https://nextjs.org/docs?utm_source=create-next-app&utm_medium=appdir-template-tw&utm_campaign=create-next-app"
          rel="noopener noreferrer"
          target="_blank"
        >
          Documentation
        </a>
      </div>
    </main>
  </div>
</div>
`;
